apiVersion: batch/v1
kind: CronJob
metadata:
  annotations:
    query-name: appcat_services
  labels:
    app.kubernetes.io/managed-by: commodore
    app.kubernetes.io/name: appuio-cloud-reporting
    app.kubernetes.io/part-of: syn
    name: backfill-appcat-services
  name: backfill-appcat-services
  namespace: appuio-cloud-reporting
spec:
  failedJobsHistoryLimit: 768
  jobTemplate:
    metadata:
      annotations:
        query-name: appcat_services
      labels:
        app.kubernetes.io/managed-by: commodore
        app.kubernetes.io/name: appuio-cloud-reporting
        app.kubernetes.io/part-of: syn
        cron-job-name: backfill-appcat-services
    spec:
      template:
        metadata:
          labels:
            app.kubernetes.io/managed-by: commodore
            app.kubernetes.io/name: appuio-cloud-reporting
            app.kubernetes.io/part-of: syn
        spec:
          containers:
            - args:
                - appuio-cloud-reporting report --begin=$(date -d "now -3 hours" -u
                  +"%Y-%m-%dT%H:00:00Z") --repeat-until=$(date -u -Iseconds) --query-name=appcat_services
              command:
                - sh
                - -c
              env:
                - name: DB_HOST
                  valueFrom:
                    secretKeyRef:
                      key: POSTGRESQL_HOST
                      name: reporting-db-prod-cred
                - name: DB_NAME
                  valueFrom:
                    secretKeyRef:
                      key: POSTGRESQL_DB
                      name: reporting-db-prod-cred
                - name: DB_PASSWORD
                  valueFrom:
                    secretKeyRef:
                      key: POSTGRESQL_PASSWORD
                      name: reporting-db-prod-cred
                - name: DB_PORT
                  valueFrom:
                    secretKeyRef:
                      key: POSTGRESQL_PORT
                      name: reporting-db-prod-cred
                - name: DB_USER
                  valueFrom:
                    secretKeyRef:
                      key: POSTGRESQL_USER
                      name: reporting-db-prod-cred
                - name: DB_PARAMS
                  value: ''
                - name: ACR_DB_URL
                  value: postgres://$(DB_USER):$(DB_PASSWORD)@$(DB_HOST):$(DB_PORT)/$(DB_NAME)?$(DB_PARAMS)
                - name: OA_DB_URL
                  value: postgres://$(DB_USER):$(DB_PASSWORD)@$(DB_HOST):$(DB_PORT)/$(DB_NAME)?$(DB_PARAMS)
                - name: ACR_PROM_URL
                  valueFrom:
                    secretKeyRef:
                      key: url
                      name: prom-url
              image: ghcr.io/appuio/appuio-cloud-reporting:v0.17.0
              name: backfill
              resources: {}
              volumeMounts:
                - mountPath: /secrets/database
                  name: dbsecret
                  readOnly: true
          initContainers:
            - args:
                - migrate
                - --show-pending
              env:
                - name: DB_HOST
                  valueFrom:
                    secretKeyRef:
                      key: POSTGRESQL_HOST
                      name: reporting-db-prod-cred
                - name: DB_NAME
                  valueFrom:
                    secretKeyRef:
                      key: POSTGRESQL_DB
                      name: reporting-db-prod-cred
                - name: DB_PASSWORD
                  valueFrom:
                    secretKeyRef:
                      key: POSTGRESQL_PASSWORD
                      name: reporting-db-prod-cred
                - name: DB_PORT
                  valueFrom:
                    secretKeyRef:
                      key: POSTGRESQL_PORT
                      name: reporting-db-prod-cred
                - name: DB_USER
                  valueFrom:
                    secretKeyRef:
                      key: POSTGRESQL_USER
                      name: reporting-db-prod-cred
                - name: DB_PARAMS
                  value: ''
                - name: ACR_DB_URL
                  value: postgres://$(DB_USER):$(DB_PASSWORD)@$(DB_HOST):$(DB_PORT)/$(DB_NAME)?$(DB_PARAMS)
                - name: OA_DB_URL
                  value: postgres://$(DB_USER):$(DB_PASSWORD)@$(DB_HOST):$(DB_PORT)/$(DB_NAME)?$(DB_PARAMS)
              image: ghcr.io/appuio/appuio-cloud-reporting:v0.17.0
              name: check-migration
              volumeMounts:
                - mountPath: /secrets/database
                  name: dbsecret
                  readOnly: true
          restartPolicy: OnFailure
          volumes:
            - name: dbsecret
              secret:
                defaultMode: 384
                secretName: reporting-db-prod-cred
  schedule: 15 * * * *
  startingDeadlineSeconds: 180
  successfulJobsHistoryLimit: 3
  suspend: false
---
apiVersion: batch/v1
kind: CronJob
metadata:
  annotations:
    query-name: appuio_cloud_loadbalancer
  labels:
    app.kubernetes.io/managed-by: commodore
    app.kubernetes.io/name: appuio-cloud-reporting
    app.kubernetes.io/part-of: syn
    name: backfill-appuio-cloud-loadbalancer
  name: backfill-appuio-cloud-loadbalancer
  namespace: appuio-cloud-reporting
spec:
  failedJobsHistoryLimit: 768
  jobTemplate:
    metadata:
      annotations:
        query-name: appuio_cloud_loadbalancer
      labels:
        app.kubernetes.io/managed-by: commodore
        app.kubernetes.io/name: appuio-cloud-reporting
        app.kubernetes.io/part-of: syn
        cron-job-name: backfill-appuio-cloud-loadbalancer
    spec:
      template:
        metadata:
          labels:
            app.kubernetes.io/managed-by: commodore
            app.kubernetes.io/name: appuio-cloud-reporting
            app.kubernetes.io/part-of: syn
        spec:
          containers:
            - args:
                - appuio-cloud-reporting report --begin=$(date -d "now -3 hours" -u
                  +"%Y-%m-%dT%H:00:00Z") --repeat-until=$(date -u -Iseconds) --query-name=appuio_cloud_loadbalancer
              command:
                - sh
                - -c
              env:
                - name: DB_HOST
                  valueFrom:
                    secretKeyRef:
                      key: POSTGRESQL_HOST
                      name: reporting-db-prod-cred
                - name: DB_NAME
                  valueFrom:
                    secretKeyRef:
                      key: POSTGRESQL_DB
                      name: reporting-db-prod-cred
                - name: DB_PASSWORD
                  valueFrom:
                    secretKeyRef:
                      key: POSTGRESQL_PASSWORD
                      name: reporting-db-prod-cred
                - name: DB_PORT
                  valueFrom:
                    secretKeyRef:
                      key: POSTGRESQL_PORT
                      name: reporting-db-prod-cred
                - name: DB_USER
                  valueFrom:
                    secretKeyRef:
                      key: POSTGRESQL_USER
                      name: reporting-db-prod-cred
                - name: DB_PARAMS
                  value: ''
                - name: ACR_DB_URL
                  value: postgres://$(DB_USER):$(DB_PASSWORD)@$(DB_HOST):$(DB_PORT)/$(DB_NAME)?$(DB_PARAMS)
                - name: OA_DB_URL
                  value: postgres://$(DB_USER):$(DB_PASSWORD)@$(DB_HOST):$(DB_PORT)/$(DB_NAME)?$(DB_PARAMS)
                - name: ACR_PROM_URL
                  valueFrom:
                    secretKeyRef:
                      key: url
                      name: prom-url
              image: ghcr.io/appuio/appuio-cloud-reporting:v0.17.0
              name: backfill
              resources: {}
              volumeMounts:
                - mountPath: /secrets/database
                  name: dbsecret
                  readOnly: true
          initContainers:
            - args:
                - migrate
                - --show-pending
              env:
                - name: DB_HOST
                  valueFrom:
                    secretKeyRef:
                      key: POSTGRESQL_HOST
                      name: reporting-db-prod-cred
                - name: DB_NAME
                  valueFrom:
                    secretKeyRef:
                      key: POSTGRESQL_DB
                      name: reporting-db-prod-cred
                - name: DB_PASSWORD
                  valueFrom:
                    secretKeyRef:
                      key: POSTGRESQL_PASSWORD
                      name: reporting-db-prod-cred
                - name: DB_PORT
                  valueFrom:
                    secretKeyRef:
                      key: POSTGRESQL_PORT
                      name: reporting-db-prod-cred
                - name: DB_USER
                  valueFrom:
                    secretKeyRef:
                      key: POSTGRESQL_USER
                      name: reporting-db-prod-cred
                - name: DB_PARAMS
                  value: ''
                - name: ACR_DB_URL
                  value: postgres://$(DB_USER):$(DB_PASSWORD)@$(DB_HOST):$(DB_PORT)/$(DB_NAME)?$(DB_PARAMS)
                - name: OA_DB_URL
                  value: postgres://$(DB_USER):$(DB_PASSWORD)@$(DB_HOST):$(DB_PORT)/$(DB_NAME)?$(DB_PARAMS)
              image: ghcr.io/appuio/appuio-cloud-reporting:v0.17.0
              name: check-migration
              volumeMounts:
                - mountPath: /secrets/database
                  name: dbsecret
                  readOnly: true
          restartPolicy: OnFailure
          volumes:
            - name: dbsecret
              secret:
                defaultMode: 384
                secretName: reporting-db-prod-cred
  schedule: 15 * * * *
  startingDeadlineSeconds: 180
  successfulJobsHistoryLimit: 3
  suspend: false
---
apiVersion: batch/v1
kind: CronJob
metadata:
  annotations:
    query-name: appuio_cloud_memory
  labels:
    app.kubernetes.io/managed-by: commodore
    app.kubernetes.io/name: appuio-cloud-reporting
    app.kubernetes.io/part-of: syn
    name: backfill-appuio-cloud-memory
  name: backfill-appuio-cloud-memory
  namespace: appuio-cloud-reporting
spec:
  failedJobsHistoryLimit: 768
  jobTemplate:
    metadata:
      annotations:
        query-name: appuio_cloud_memory
      labels:
        app.kubernetes.io/managed-by: commodore
        app.kubernetes.io/name: appuio-cloud-reporting
        app.kubernetes.io/part-of: syn
        cron-job-name: backfill-appuio-cloud-memory
    spec:
      template:
        metadata:
          labels:
            app.kubernetes.io/managed-by: commodore
            app.kubernetes.io/name: appuio-cloud-reporting
            app.kubernetes.io/part-of: syn
        spec:
          containers:
            - args:
                - appuio-cloud-reporting report --begin=$(date -d "now -3 hours" -u
                  +"%Y-%m-%dT%H:00:00Z") --repeat-until=$(date -u -Iseconds) --query-name=appuio_cloud_memory
              command:
                - sh
                - -c
              env:
                - name: DB_HOST
                  valueFrom:
                    secretKeyRef:
                      key: POSTGRESQL_HOST
                      name: reporting-db-prod-cred
                - name: DB_NAME
                  valueFrom:
                    secretKeyRef:
                      key: POSTGRESQL_DB
                      name: reporting-db-prod-cred
                - name: DB_PASSWORD
                  valueFrom:
                    secretKeyRef:
                      key: POSTGRESQL_PASSWORD
                      name: reporting-db-prod-cred
                - name: DB_PORT
                  valueFrom:
                    secretKeyRef:
                      key: POSTGRESQL_PORT
                      name: reporting-db-prod-cred
                - name: DB_USER
                  valueFrom:
                    secretKeyRef:
                      key: POSTGRESQL_USER
                      name: reporting-db-prod-cred
                - name: DB_PARAMS
                  value: ''
                - name: ACR_DB_URL
                  value: postgres://$(DB_USER):$(DB_PASSWORD)@$(DB_HOST):$(DB_PORT)/$(DB_NAME)?$(DB_PARAMS)
                - name: OA_DB_URL
                  value: postgres://$(DB_USER):$(DB_PASSWORD)@$(DB_HOST):$(DB_PORT)/$(DB_NAME)?$(DB_PARAMS)
                - name: ACR_PROM_URL
                  valueFrom:
                    secretKeyRef:
                      key: url
                      name: prom-url
              image: ghcr.io/appuio/appuio-cloud-reporting:v0.17.0
              name: backfill
              resources: {}
              volumeMounts:
                - mountPath: /secrets/database
                  name: dbsecret
                  readOnly: true
          initContainers:
            - args:
                - migrate
                - --show-pending
              env:
                - name: DB_HOST
                  valueFrom:
                    secretKeyRef:
                      key: POSTGRESQL_HOST
                      name: reporting-db-prod-cred
                - name: DB_NAME
                  valueFrom:
                    secretKeyRef:
                      key: POSTGRESQL_DB
                      name: reporting-db-prod-cred
                - name: DB_PASSWORD
                  valueFrom:
                    secretKeyRef:
                      key: POSTGRESQL_PASSWORD
                      name: reporting-db-prod-cred
                - name: DB_PORT
                  valueFrom:
                    secretKeyRef:
                      key: POSTGRESQL_PORT
                      name: reporting-db-prod-cred
                - name: DB_USER
                  valueFrom:
                    secretKeyRef:
                      key: POSTGRESQL_USER
                      name: reporting-db-prod-cred
                - name: DB_PARAMS
                  value: ''
                - name: ACR_DB_URL
                  value: postgres://$(DB_USER):$(DB_PASSWORD)@$(DB_HOST):$(DB_PORT)/$(DB_NAME)?$(DB_PARAMS)
                - name: OA_DB_URL
                  value: postgres://$(DB_USER):$(DB_PASSWORD)@$(DB_HOST):$(DB_PORT)/$(DB_NAME)?$(DB_PARAMS)
              image: ghcr.io/appuio/appuio-cloud-reporting:v0.17.0
              name: check-migration
              volumeMounts:
                - mountPath: /secrets/database
                  name: dbsecret
                  readOnly: true
          restartPolicy: OnFailure
          volumes:
            - name: dbsecret
              secret:
                defaultMode: 384
                secretName: reporting-db-prod-cred
  schedule: 15 * * * *
  startingDeadlineSeconds: 180
  successfulJobsHistoryLimit: 3
  suspend: false
---
apiVersion: batch/v1
kind: CronJob
metadata:
  annotations:
    query-name: appuio_cloud_persistent_storage
  labels:
    app.kubernetes.io/managed-by: commodore
    app.kubernetes.io/name: appuio-cloud-reporting
    app.kubernetes.io/part-of: syn
    name: backfill-appuio-cloud-persistent-storage
  name: backfill-appuio-cloud-persistent-storage
  namespace: appuio-cloud-reporting
spec:
  failedJobsHistoryLimit: 768
  jobTemplate:
    metadata:
      annotations:
        query-name: appuio_cloud_persistent_storage
      labels:
        app.kubernetes.io/managed-by: commodore
        app.kubernetes.io/name: appuio-cloud-reporting
        app.kubernetes.io/part-of: syn
        cron-job-name: backfill-appuio-cloud-persistent-storage
    spec:
      template:
        metadata:
          labels:
            app.kubernetes.io/managed-by: commodore
            app.kubernetes.io/name: appuio-cloud-reporting
            app.kubernetes.io/part-of: syn
        spec:
          containers:
            - args:
                - appuio-cloud-reporting report --begin=$(date -d "now -3 hours" -u
                  +"%Y-%m-%dT%H:00:00Z") --repeat-until=$(date -u -Iseconds) --query-name=appuio_cloud_persistent_storage
              command:
                - sh
                - -c
              env:
                - name: DB_HOST
                  valueFrom:
                    secretKeyRef:
                      key: POSTGRESQL_HOST
                      name: reporting-db-prod-cred
                - name: DB_NAME
                  valueFrom:
                    secretKeyRef:
                      key: POSTGRESQL_DB
                      name: reporting-db-prod-cred
                - name: DB_PASSWORD
                  valueFrom:
                    secretKeyRef:
                      key: POSTGRESQL_PASSWORD
                      name: reporting-db-prod-cred
                - name: DB_PORT
                  valueFrom:
                    secretKeyRef:
                      key: POSTGRESQL_PORT
                      name: reporting-db-prod-cred
                - name: DB_USER
                  valueFrom:
                    secretKeyRef:
                      key: POSTGRESQL_USER
                      name: reporting-db-prod-cred
                - name: DB_PARAMS
                  value: ''
                - name: ACR_DB_URL
                  value: postgres://$(DB_USER):$(DB_PASSWORD)@$(DB_HOST):$(DB_PORT)/$(DB_NAME)?$(DB_PARAMS)
                - name: OA_DB_URL
                  value: postgres://$(DB_USER):$(DB_PASSWORD)@$(DB_HOST):$(DB_PORT)/$(DB_NAME)?$(DB_PARAMS)
                - name: ACR_PROM_URL
                  valueFrom:
                    secretKeyRef:
                      key: url
                      name: prom-url
              image: ghcr.io/appuio/appuio-cloud-reporting:v0.17.0
              name: backfill
              resources: {}
              volumeMounts:
                - mountPath: /secrets/database
                  name: dbsecret
                  readOnly: true
          initContainers:
            - args:
                - migrate
                - --show-pending
              env:
                - name: DB_HOST
                  valueFrom:
                    secretKeyRef:
                      key: POSTGRESQL_HOST
                      name: reporting-db-prod-cred
                - name: DB_NAME
                  valueFrom:
                    secretKeyRef:
                      key: POSTGRESQL_DB
                      name: reporting-db-prod-cred
                - name: DB_PASSWORD
                  valueFrom:
                    secretKeyRef:
                      key: POSTGRESQL_PASSWORD
                      name: reporting-db-prod-cred
                - name: DB_PORT
                  valueFrom:
                    secretKeyRef:
                      key: POSTGRESQL_PORT
                      name: reporting-db-prod-cred
                - name: DB_USER
                  valueFrom:
                    secretKeyRef:
                      key: POSTGRESQL_USER
                      name: reporting-db-prod-cred
                - name: DB_PARAMS
                  value: ''
                - name: ACR_DB_URL
                  value: postgres://$(DB_USER):$(DB_PASSWORD)@$(DB_HOST):$(DB_PORT)/$(DB_NAME)?$(DB_PARAMS)
                - name: OA_DB_URL
                  value: postgres://$(DB_USER):$(DB_PASSWORD)@$(DB_HOST):$(DB_PORT)/$(DB_NAME)?$(DB_PARAMS)
              image: ghcr.io/appuio/appuio-cloud-reporting:v0.17.0
              name: check-migration
              volumeMounts:
                - mountPath: /secrets/database
                  name: dbsecret
                  readOnly: true
          restartPolicy: OnFailure
          volumes:
            - name: dbsecret
              secret:
                defaultMode: 384
                secretName: reporting-db-prod-cred
  schedule: 15 * * * *
  startingDeadlineSeconds: 180
  successfulJobsHistoryLimit: 3
  suspend: false
