apiVersion: batch/v1
kind: CronJob
metadata:
  annotations: {}
  labels:
    app.kubernetes.io/managed-by: commodore
    app.kubernetes.io/name: appuio-cloud-reporting
    app.kubernetes.io/part-of: syn
    name: check-missing
  name: check-missing
  namespace: appuio-cloud-reporting
spec:
  failedJobsHistoryLimit: 3
  jobTemplate:
    metadata:
      labels:
        app.kubernetes.io/managed-by: commodore
        app.kubernetes.io/name: appuio-cloud-reporting
        app.kubernetes.io/part-of: syn
        cron-job-name: check-missing
    spec:
      template:
        metadata:
          labels:
            app.kubernetes.io/managed-by: commodore
            app.kubernetes.io/name: appuio-cloud-reporting
            app.kubernetes.io/part-of: syn
        spec:
          containers:
            - args:
                - check_missing
              env:
                - name: DB_HOST
                  valueFrom:
                    secretKeyRef:
                      key: DB_HOST
                      name: reporting-db
                - name: DB_NAME
                  valueFrom:
                    secretKeyRef:
                      key: DB_NAME
                      name: reporting-db
                - name: DB_PASSWORD
                  valueFrom:
                    secretKeyRef:
                      key: DB_PASSWORD
                      name: reporting-db
                - name: DB_PORT
                  valueFrom:
                    secretKeyRef:
                      key: DB_PORT
                      name: reporting-db
                - name: DB_USER
                  valueFrom:
                    secretKeyRef:
                      key: DB_USER
                      name: reporting-db
                - name: DB_PARAMS
                  value: ''
                - name: ACR_DB_URL
                  value: postgres://$(DB_USER):$(DB_PASSWORD)@$(DB_HOST):$(DB_PORT)/$(DB_NAME)?$(DB_PARAMS)
                - name: OA_DB_URL
                  value: postgres://$(DB_USER):$(DB_PASSWORD)@$(DB_HOST):$(DB_PORT)/$(DB_NAME)?$(DB_PARAMS)
              image: ghcr.io/appuio/appuio-cloud-reporting:v0.17.0
              name: check-missing
              resources: {}
          initContainers:
            - args:
                - migrate
                - --show-pending
              env:
                - name: DB_HOST
                  valueFrom:
                    secretKeyRef:
                      key: DB_HOST
                      name: reporting-db
                - name: DB_NAME
                  valueFrom:
                    secretKeyRef:
                      key: DB_NAME
                      name: reporting-db
                - name: DB_PASSWORD
                  valueFrom:
                    secretKeyRef:
                      key: DB_PASSWORD
                      name: reporting-db
                - name: DB_PORT
                  valueFrom:
                    secretKeyRef:
                      key: DB_PORT
                      name: reporting-db
                - name: DB_USER
                  valueFrom:
                    secretKeyRef:
                      key: DB_USER
                      name: reporting-db
                - name: DB_PARAMS
                  value: ''
                - name: ACR_DB_URL
                  value: postgres://$(DB_USER):$(DB_PASSWORD)@$(DB_HOST):$(DB_PORT)/$(DB_NAME)?$(DB_PARAMS)
                - name: OA_DB_URL
                  value: postgres://$(DB_USER):$(DB_PASSWORD)@$(DB_HOST):$(DB_PORT)/$(DB_NAME)?$(DB_PARAMS)
              image: ghcr.io/appuio/appuio-cloud-reporting:v0.17.0
              name: check-migration
            - args:
                - sync
              env:
                - name: DB_HOST
                  valueFrom:
                    secretKeyRef:
                      key: DB_HOST
                      name: reporting-db
                - name: DB_NAME
                  valueFrom:
                    secretKeyRef:
                      key: DB_NAME
                      name: reporting-db
                - name: DB_PASSWORD
                  valueFrom:
                    secretKeyRef:
                      key: DB_PASSWORD
                      name: reporting-db
                - name: DB_PORT
                  valueFrom:
                    secretKeyRef:
                      key: DB_PORT
                      name: reporting-db
                - name: DB_USER
                  valueFrom:
                    secretKeyRef:
                      key: DB_USER
                      name: reporting-db
                - name: DB_PARAMS
                  value: ''
                - name: ACR_DB_URL
                  value: postgres://$(DB_USER):$(DB_PASSWORD)@$(DB_HOST):$(DB_PORT)/$(DB_NAME)?$(DB_PARAMS)
                - name: OA_DB_URL
                  value: postgres://$(DB_USER):$(DB_PASSWORD)@$(DB_HOST):$(DB_PORT)/$(DB_NAME)?$(DB_PARAMS)
                - name: OA_ODOO_URL
                  valueFrom:
                    secretKeyRef:
                      key: url
                      name: erp-url
                - name: OA_INVOICE_TITLE
                  value: APPUiO Cloud
              image: ghcr.io/vshn/appuio-odoo-adapter:v1.13.0
              name: sync-categories
          restartPolicy: OnFailure
  schedule: 30 8-14 * * *
  startingDeadlineSeconds: 180
  successfulJobsHistoryLimit: 3
  suspend: false
