apiVersion: v1
data: {}
kind: Secret
metadata:
  annotations: {}
  labels:
    app.kubernetes.io/managed-by: commodore
    app.kubernetes.io/name: appuio-cloud-reporting
    app.kubernetes.io/part-of: syn
    name: reporting-db
  name: reporting-db
  namespace: appuio-cloud-reporting
stringData:
  DB_HOST: db.example.com
  DB_NAME: appuio-cloud-reporting
  DB_PASSWORD: letmein
  DB_PORT: 5432
  DB_USER: appuio-cloud-reporting
type: Opaque
