apiVersion: batch/v1
kind: CronJob
metadata:
  annotations: {}
  labels:
    app.kubernetes.io/managed-by: commodore
    app.kubernetes.io/name: appuio-cloud-reporting
    app.kubernetes.io/part-of: syn
    name: tenant-mapping
  name: tenant-mapping
  namespace: appuio-cloud-reporting
spec:
  failedJobsHistoryLimit: 768
  jobTemplate:
    metadata:
      labels:
        app.kubernetes.io/managed-by: commodore
        app.kubernetes.io/name: appuio-cloud-reporting
        app.kubernetes.io/part-of: syn
        cron-job-name: tenant-mapping
    spec:
      template:
        metadata:
          labels:
            app.kubernetes.io/managed-by: commodore
            app.kubernetes.io/name: appuio-cloud-reporting
            app.kubernetes.io/part-of: syn
        spec:
          containers:
            - args:
                - appuio-cloud-reporting tenantmapping --begin=$(date -d "now -3 hours"
                  -u +"%Y-%m-%dT%H:00:00Z") --repeat-until=$(date -u -Iseconds) --dry-run=true
                  --additional-metric-selector='namespace="appuio-control-api-production"'
              command:
                - sh
                - -c
              env:
                - name: DB_HOST
                  valueFrom:
                    secretKeyRef:
                      key: DB_HOST
                      name: reporting-db
                - name: DB_NAME
                  valueFrom:
                    secretKeyRef:
                      key: DB_NAME
                      name: reporting-db
                - name: DB_PASSWORD
                  valueFrom:
                    secretKeyRef:
                      key: DB_PASSWORD
                      name: reporting-db
                - name: DB_PORT
                  valueFrom:
                    secretKeyRef:
                      key: DB_PORT
                      name: reporting-db
                - name: DB_USER
                  valueFrom:
                    secretKeyRef:
                      key: DB_USER
                      name: reporting-db
                - name: DB_PARAMS
                  value: ''
                - name: ACR_DB_URL
                  value: postgres://$(DB_USER):$(DB_PASSWORD)@$(DB_HOST):$(DB_PORT)/$(DB_NAME)?$(DB_PARAMS)
                - name: OA_DB_URL
                  value: postgres://$(DB_USER):$(DB_PASSWORD)@$(DB_HOST):$(DB_PORT)/$(DB_NAME)?$(DB_PARAMS)
                - name: ACR_PROM_URL
                  valueFrom:
                    secretKeyRef:
                      key: url
                      name: prom-url
              image: ghcr.io/appuio/appuio-cloud-reporting:v0.17.0
              name: mapping
              resources: {}
          initContainers:
            - args:
                - migrate
                - --show-pending
              env:
                - name: DB_HOST
                  valueFrom:
                    secretKeyRef:
                      key: DB_HOST
                      name: reporting-db
                - name: DB_NAME
                  valueFrom:
                    secretKeyRef:
                      key: DB_NAME
                      name: reporting-db
                - name: DB_PASSWORD
                  valueFrom:
                    secretKeyRef:
                      key: DB_PASSWORD
                      name: reporting-db
                - name: DB_PORT
                  valueFrom:
                    secretKeyRef:
                      key: DB_PORT
                      name: reporting-db
                - name: DB_USER
                  valueFrom:
                    secretKeyRef:
                      key: DB_USER
                      name: reporting-db
                - name: DB_PARAMS
                  value: ''
                - name: ACR_DB_URL
                  value: postgres://$(DB_USER):$(DB_PASSWORD)@$(DB_HOST):$(DB_PORT)/$(DB_NAME)?$(DB_PARAMS)
                - name: OA_DB_URL
                  value: postgres://$(DB_USER):$(DB_PASSWORD)@$(DB_HOST):$(DB_PORT)/$(DB_NAME)?$(DB_PARAMS)
              image: ghcr.io/appuio/appuio-cloud-reporting:v0.17.0
              name: check-migration
          restartPolicy: OnFailure
  schedule: 10 * * * *
  startingDeadlineSeconds: 180
  successfulJobsHistoryLimit: 3
  suspend: true
