apiVersion: v1
data: {}
kind: Secret
metadata:
  annotations: {}
  labels:
    app.kubernetes.io/managed-by: commodore
    app.kubernetes.io/name: appuio-cloud-reporting
    app.kubernetes.io/part-of: syn
    name: reporting-db
  name: reporting-db
  namespace: appuio-cloud-reporting
stringData:
  password: letmein
  username: appuio-cloud-reporting
type: Opaque
