apiVersion: v1
data: {}
kind: Secret
metadata:
  annotations: {}
  labels:
    app.kubernetes.io/managed-by: commodore
    app.kubernetes.io/name: appuio-cloud-reporting
    app.kubernetes.io/part-of: syn
    name: odoo-url
  name: odoo-url
  namespace: appuio-cloud-reporting
stringData:
  url: null
type: Opaque
